test_docs_contain_no_secret_material (test_release_docs.ReleaseDocsTests.test_docs_contain_no_secret_material) ... ok
test_docs_name_signing_team_profile_and_account (test_release_docs.ReleaseDocsTests.test_docs_name_signing_team_profile_and_account) ... ok
test_docs_name_sparkle_tool_pin (test_release_docs.ReleaseDocsTests.test_docs_name_sparkle_tool_pin) ... ok
test_docs_name_toolchain_pins (test_release_docs.ReleaseDocsTests.test_docs_name_toolchain_pins) ... ok
test_docs_state_notarization_gates_and_diagnostic_handling (test_release_docs.ReleaseDocsTests.test_docs_state_notarization_gates_and_diagnostic_handling) ... ok
test_documented_run_attempt_bounds_match_code (test_release_docs.ReleaseDocsTests.test_documented_run_attempt_bounds_match_code) ... ok
test_accepts_run_attempt_at_exact_limits (test_release_metadata.ReleaseMetadataTests.test_accepts_run_attempt_at_exact_limits) ... ok
test_appcast_archive_binding (test_release_metadata.ReleaseMetadataTests.test_appcast_archive_binding) ... ok
test_builds_increase_between_attempts_and_runs (test_release_metadata.ReleaseMetadataTests.test_builds_increase_between_attempts_and_runs) ... ok
test_malformed_appcast_fails_closed (test_release_metadata.ReleaseMetadataTests.test_malformed_appcast_fails_closed) ... ok
test_rejects_bad_signature (test_release_metadata.ReleaseMetadataTests.test_rejects_bad_signature) ... ok
test_rejects_bad_sparkle_pubkey (test_release_metadata.ReleaseMetadataTests.test_rejects_bad_sparkle_pubkey) ... ok
test_rejects_bundle_id_mismatch (test_release_metadata.ReleaseMetadataTests.test_rejects_bundle_id_mismatch) ... ok
test_rejects_invalid_run_attempt_bounds (test_release_metadata.ReleaseMetadataTests.test_rejects_invalid_run_attempt_bounds) ... ok
test_rejects_missing_enclosure_and_minimum (test_release_metadata.ReleaseMetadataTests.test_rejects_missing_enclosure_and_minimum) ... ok
test_rejects_short_tag_even_when_marketing_matches (test_release_metadata.ReleaseMetadataTests.test_rejects_short_tag_even_when_marketing_matches) ... ok
test_rejects_short_version_mismatch (test_release_metadata.ReleaseMetadataTests.test_rejects_short_version_mismatch) ... ok
test_rejects_wrong_feed (test_release_metadata.ReleaseMetadataTests.test_rejects_wrong_feed) ... ok
test_rejects_wrong_item_count (test_release_metadata.ReleaseMetadataTests.test_rejects_wrong_item_count) ... ok
test_rejects_wrong_tag_or_identity (test_release_metadata.ReleaseMetadataTests.test_rejects_wrong_tag_or_identity) ... ok
test_release_signs_dmg_with_resolved_team_identity (test_release_metadata.ReleaseWiringTests.test_release_signs_dmg_with_resolved_team_identity) ... ok
test_rejects_apple_development_only (test_release_metadata.SigningIdentityTests.test_rejects_apple_development_only) ... ok
test_rejects_missing_team_identity (test_release_metadata.SigningIdentityTests.test_rejects_missing_team_identity) ... ok
test_rejects_multiple_team_identities (test_release_metadata.SigningIdentityTests.test_rejects_multiple_team_identities) ... ok
test_rejects_near_match_team (test_release_metadata.SigningIdentityTests.test_rejects_near_match_team) ... ok
test_rejects_same_team_apple_development (test_release_metadata.SigningIdentityTests.test_rejects_same_team_apple_development) ... ok
test_returns_team_identity_ignoring_other_teams (test_release_metadata.SigningIdentityTests.test_returns_team_identity_ignoring_other_teams) ... ok
test_appcast_tamper_prevents_publish (test_release_packaging.ReleasePackagingTests.test_appcast_tamper_prevents_publish) ... ok
test_boundary_run_attempt_accepted (test_release_packaging.ReleasePackagingTests.test_boundary_run_attempt_accepted) ... ok
test_codesign_team_mismatch_prevents_packaging (test_release_packaging.ReleasePackagingTests.test_codesign_team_mismatch_prevents_packaging) ... ok
test_invalid_run_number_prevents_packaging (test_release_packaging.ReleasePackagingTests.test_invalid_run_number_prevents_packaging) ... ok
test_malformed_identity_hash_prevents_signing (test_release_packaging.ReleasePackagingTests.test_malformed_identity_hash_prevents_signing) ... ok
test_multiple_identities_prevents_packaging_and_output (test_release_packaging.ReleasePackagingTests.test_multiple_identities_prevents_packaging_and_output) ... ok
test_notarization_rejection_prevents_publish (test_release_packaging.ReleasePackagingTests.test_notarization_rejection_prevents_publish) ... ok
test_release_signs_dmg_with_resolved_team_identity (test_release_packaging.ReleasePackagingTests.test_release_signs_dmg_with_resolved_team_identity) ... ok
test_retry_attempt_signs_with_resolved_team_identity (test_release_packaging.ReleasePackagingTests.test_retry_attempt_signs_with_resolved_team_identity) ... ok
test_tag_marketing_mismatch_prevents_packaging (test_release_packaging.ReleasePackagingTests.test_tag_marketing_mismatch_prevents_packaging) ... ok
test_zero_identities_prevents_packaging_and_output (test_release_packaging.ReleasePackagingTests.test_zero_identities_prevents_packaging_and_output) ... ok
test_apple_development_same_team_rejected (test_release_preflight.ReleasePreflightTests.test_apple_development_same_team_rejected) ... ok
test_failed_identity_read_with_empty_output_is_unknown_not_missing (test_release_preflight.ReleasePreflightTests.test_failed_identity_read_with_empty_output_is_unknown_not_missing) ... ok
test_failed_identity_read_with_partial_output_is_not_verified (test_release_preflight.ReleasePreflightTests.test_failed_identity_read_with_partial_output_is_not_verified) ... ok
test_locked_keychain_fails_with_unlock_guidance (test_release_preflight.ReleasePreflightTests.test_locked_keychain_fails_with_unlock_guidance) ... ok
test_missing_identity_rejected (test_release_preflight.ReleasePreflightTests.test_missing_identity_rejected) ... ok
test_missing_profile_names_profile_without_locked_guidance (test_release_preflight.ReleasePreflightTests.test_missing_profile_names_profile_without_locked_guidance) ... ok
test_missing_tool_rejected (test_release_preflight.ReleasePreflightTests.test_missing_tool_rejected) ... ok
test_multiple_team_identities_rejected (test_release_preflight.ReleasePreflightTests.test_multiple_team_identities_rejected) ... ok
test_preflight_passes_with_valid_credentials (test_release_preflight.ReleasePreflightTests.test_preflight_passes_with_valid_credentials) ... ok
test_sparkle_key_mismatch_rejected (test_release_preflight.ReleasePreflightTests.test_sparkle_key_mismatch_rejected) ... ok
test_unknown_notary_error_reports_profile (test_release_preflight.ReleasePreflightTests.test_unknown_notary_error_reports_profile) ... ok
test_existing_release_refused (test_release_workflow.ReleaseTagTrustBehaviorTests.test_existing_release_refused) ... ok
test_gh_empty_error_fails_closed (test_release_workflow.ReleaseTagTrustBehaviorTests.test_gh_empty_error_fails_closed) ... ok
test_gh_lookup_failure_fails_closed_not_absent (test_release_workflow.ReleaseTagTrustBehaviorTests.test_gh_lookup_failure_fails_closed_not_absent) ... ok
test_head_tag_mismatch_refused (test_release_workflow.ReleaseTagTrustBehaviorTests.test_head_tag_mismatch_refused) ... ok
test_malformed_tags_refused_before_any_git_work (test_release_workflow.ReleaseTagTrustBehaviorTests.test_malformed_tags_refused_before_any_git_work) ... ok
test_missing_release_tag_refused (test_release_workflow.ReleaseTagTrustBehaviorTests.test_missing_release_tag_refused) ... ok
test_non_main_ancestry_refused (test_release_workflow.ReleaseTagTrustBehaviorTests.test_non_main_ancestry_refused) ... ok
test_trusted_tag_accepted (test_release_workflow.ReleaseTagTrustBehaviorTests.test_trusted_tag_accepted) ... ok
test_workflow_trust_step_accepts_trusted_tag (test_release_workflow.ReleaseWorkflowComposedStepTests.test_workflow_trust_step_accepts_trusted_tag) ... ok
test_workflow_trust_step_refuses_non_main_ancestry (test_release_workflow.ReleaseWorkflowComposedStepTests.test_workflow_trust_step_refuses_non_main_ancestry) ... ok
test_gates_precede_packaging_precedes_publish (test_release_workflow.ReleaseWorkflowTests.test_gates_precede_packaging_precedes_publish) ... ok
test_only_log_preservation_overrides_success_gating (test_release_workflow.ReleaseWorkflowTests.test_only_log_preservation_overrides_success_gating) ... ok
test_workflow_invokes_trust_script_before_any_work (test_release_workflow.ReleaseWorkflowTests.test_workflow_invokes_trust_script_before_any_work) ... ok

----------------------------------------------------------------------
Ran 62 tests in 23.990s

OK
