Building for debugging...
[0/3] Write sources
[1/3] Write swift-version--58304C5D6DBC2206.txt
[3/5] Compiling RunnerControlCore Runners+Flow.swift
[4/5] Emitting module RunnerControlCore
[4/6] Write Objects.LinkFileList
[5/6] Linking RunnerControlCorePackageTests
Build complete! (4.21s)
Test Suite 'Selected tests' started at 2026-09-16 16:02:44.445.
Test Suite 'RunnerControlCorePackageTests.xctest' started at 2026-09-16 16:02:44.455.
Test Suite 'RunnerControlCorePackageTests.xctest' passed at 2026-09-16 16:02:44.455.
	 Executed 0 tests, with 0 failures (0 unexpected) in 0.000 (0.000) seconds
Test Suite 'Selected tests' passed at 2026-09-16 16:02:44.455.
	 Executed 0 tests, with 0 failures (0 unexpected) in 0.000 (0.010) seconds
􀟈  Test run started.
􀄵  Testing Library Version: 1902
􀄵  Target Platform: arm64e-apple-macos14.0
􀟈  Test reviewR3SameAccountReloginDuringRemoveTokenMustRefuseSideEffect() started.
􀟈  Test applySucceedsAfterTokenRefreshWithinSameLogin() started.
􀟈  Test reviewR3SameAccountReloginDuringPutMustNotPublishAccess() started.
􀟈  Test reviewR2LogoutDuringPutMustNotPublishAccess() started.
􀟈  Test reviewR4LogoutDuringFinalStoppedInspectionMustRefuseRemoval() started.
􀟈  Test unregisterRefusesLogoutBetweenFinalInspectionAndConfigRemove() started.
􀟈  Test reviewR4SessionInvalidationMustReleaseEditorLoading(apply:) started.
􀟈  Test reviewR2ScopeEditAfterLoadMustNotRetargetApply() started.
􀟈  Test reviewR5RemoveReimportMustNotReviveOldEditorOwner() started.
􀟈  Test editorOverlappingLoadSuppressesStaleCompletion() started.
􀟈  Test editorRetryAfterSessionInvalidationSucceedsOnSameFlow() started.
􀟈  Test reviewR3RelinkMustNotRebindLoadedEditorToOtherOrg() started.
􀟈  Test unregisterRemovesRemoteKeepsFilesAndEntry() started.
􀟈  Test unregisterRetryInNewIncarnationSucceeds() started.
􀟈  Test reviewR2LogoutDuringRemoveTokenMustRefuseSideEffect() started.
􀟈  Test reviewR3SiblingLoadDuringReloginMustNotPublishAccess() started.
􀟈  Test case passing 1 argument apply → false to reviewR4SessionInvalidationMustReleaseEditorLoading(apply:) started.
􀟈  Test case passing 1 argument apply → true to reviewR4SessionInvalidationMustReleaseEditorLoading(apply:) started.
􁁛  Test reviewR2ScopeEditAfterLoadMustNotRetargetApply() passed after 0.082 seconds.
􁁛  Test reviewR4LogoutDuringFinalStoppedInspectionMustRefuseRemoval() passed after 0.082 seconds.
􁁛  Test reviewR2LogoutDuringPutMustNotPublishAccess() passed after 0.082 seconds.
􁁛  Test reviewR3RelinkMustNotRebindLoadedEditorToOtherOrg() passed after 0.086 seconds.
􁁛  Test unregisterRefusesLogoutBetweenFinalInspectionAndConfigRemove() passed after 0.086 seconds.
􁁛  Test reviewR3SameAccountReloginDuringPutMustNotPublishAccess() passed after 0.086 seconds.
􁁛  Test reviewR3SameAccountReloginDuringRemoveTokenMustRefuseSideEffect() passed after 0.088 seconds.
􁁛  Test applySucceedsAfterTokenRefreshWithinSameLogin() passed after 0.089 seconds.
􁁛  Test unregisterRemovesRemoteKeepsFilesAndEntry() passed after 0.089 seconds.
􁁛  Test reviewR2LogoutDuringRemoveTokenMustRefuseSideEffect() passed after 0.091 seconds.
􁁛  Test reviewR3SiblingLoadDuringReloginMustNotPublishAccess() passed after 0.095 seconds.
􁁛  Test editorRetryAfterSessionInvalidationSucceedsOnSameFlow() passed after 0.097 seconds.
􁁛  Test unregisterRetryInNewIncarnationSucceeds() passed after 0.099 seconds.
􁁛  Test reviewR4SessionInvalidationMustReleaseEditorLoading(apply:) with 2 test cases passed after 0.105 seconds.
􁁛  Test editorOverlappingLoadSuppressesStaleCompletion() passed after 0.106 seconds.
􁁛  Test reviewR5RemoveReimportMustNotReviveOldEditorOwner() passed after 0.118 seconds.
􁁛  Test run with 16 tests in 0 suites passed after 0.118 seconds.

[exit 0]
