COMMAND ['swift', 'test', '--package-path', '/tmp/TASK-260916-304bw2-review-r5/Packages/RunnerControlCore', '--filter', 'reviewR5']
Fetching https://github.com/relux-works/swift-relux.git from cache
Fetched https://github.com/relux-works/swift-relux.git from cache (0.07s)
Creating working copy for https://github.com/relux-works/swift-relux.git
Working copy of https://github.com/relux-works/swift-relux.git resolved at 9.2.0
Building for debugging...
[0/8] /private/tmp/TASK-260916-304bw2-review-r5/Packages/RunnerControlCore/.build/arm64-apple-macosx/debug/RunnerControlCorePackageTests.derived/runner.swift
[1/8] Write sources
[5/8] Write swift-version--58304C5D6DBC2206.txt
[7/38] Emitting module Relux
[8/42] Compiling Relux Relux.Effect.swift
[9/42] Compiling Relux Relux+Dispatcher+Global.swift
[10/42] Compiling Relux Relux+Dispatcher+Interface.swift
[11/42] Compiling Relux Relux+Dispatcher.swift
[12/42] Compiling Relux Relux+Flow.swift
[13/42] Compiling Relux Relux+RootSaga.swift
[14/42] Compiling Relux Relux+Saga.swift
[15/42] Compiling Relux Relux+State.swift
[16/42] Compiling Relux Relux+Testing+MockModule+Saga.swift
[17/42] Compiling Relux Relux+Testing+MockModule+State.swift
[18/42] Compiling Relux Relux+Testing+MockModule.swift
[19/42] Compiling Relux Relux+Testing.swift
[20/42] Compiling Relux Relux+Subscriber.swift
[21/42] Compiling Relux Sequence+AsSet.swift
[22/42] Compiling Relux AsyncLock.swift
[23/42] Compiling Relux AsyncUtils.swift
[24/42] Compiling Relux Optional+isNil.swift
[25/42] Compiling Relux Relux+Action.swift
[26/42] Compiling Relux Relux+ActionResult+Reduced.swift
[27/42] Compiling Relux Relux+ActionResult.swift
[28/42] Compiling Relux Relux+ActionResultBuilder.swift
[29/42] Compiling Relux Relux+Logger+EnumReflectible.swift
[30/42] Compiling Relux Relux+Logger.swift
[31/42] Compiling Relux Relux+Module.swift
[32/42] Compiling Relux Relux+Navigation.swift
[33/42] Compiling Relux TypeKeyable.swift
[34/42] Compiling Relux timestamp.swift
[35/42] Compiling Relux Relux+ExecutionType.swift
[36/42] Compiling Relux Seconds.swift
[37/42] Compiling Relux Relux+Store.swift
[38/42] Compiling Relux Relux.swift
[39/42] Compiling Relux LockedState.swift
[40/42] Compiling Relux Relux+Testing+Logger.swift
[41/78] Emitting module RunnerControlCore
[42/78] Compiling RunnerControlCore GitHubAuth+Module.swift
[43/78] Compiling RunnerControlCore GitHubAuth+State+Reducer.swift
[44/78] Compiling RunnerControlCore GitHubAuth+State.swift
[45/78] Compiling RunnerControlCore GitHubAuth.swift
[46/78] Compiling RunnerControlCore GitHubDeviceFlow.swift
[47/83] Compiling RunnerControlCore GitHubKeychainStore.swift
[48/83] Compiling RunnerControlCore GitHubRedaction.swift
[49/83] Compiling RunnerControlCore GitHubRunnerAPIClient.swift
[50/83] Compiling RunnerControlCore GitHubRunnerObserver.swift
[51/83] Compiling RunnerControlCore GitHubSessionIdentityStore.swift
[52/83] Compiling RunnerControlCore Runners+Module.swift
[53/83] Compiling RunnerControlCore Runners+Service.swift
[54/83] Compiling RunnerControlCore Runners+State+Reducer.swift
[55/83] Compiling RunnerControlCore Runners+State.swift
[56/83] Compiling RunnerControlCore Runners.swift
[57/83] Compiling RunnerControlCore GitHubTokenRefresh.swift
[58/83] Compiling RunnerControlCore GitHubTransport.swift
[59/83] Compiling RunnerControlCore RunnerCatalog.swift
[60/83] Compiling RunnerControlCore RunnerControlCore.swift
[61/83] Compiling RunnerControlCore RunnerControllers.swift
[62/83] Compiling RunnerControlCore RunnerRegistration+Models.swift
[63/83] Compiling RunnerControlCore RunnerRegistration+Module.swift
[64/83] Compiling RunnerControlCore RunnerRegistration+State+Reducer.swift
[65/83] Compiling RunnerControlCore RunnerRegistration+State.swift
[66/83] Compiling RunnerControlCore RunnerRegistration.swift
[67/83] Compiling RunnerControlCore RunnerDiagnostics.swift
[68/83] Compiling RunnerControlCore RunnerDiscovery.swift
[69/83] Compiling RunnerControlCore RunnerInstallerService.swift
[70/83] Compiling RunnerControlCore RunnerRegistration+Flow.swift
[71/83] Compiling RunnerControlCore RunnerRegistration+Gates.swift
[72/83] Compiling RunnerControlCore RunnerRegistrationReader.swift
[73/83] Compiling RunnerControlCore RunnerRegistrationTokenStore.swift
[74/83] Compiling RunnerControlCore RunnerRuntime.swift
[75/83] Compiling RunnerControlCore Runners+Flow.swift
[76/83] Compiling RunnerControlCore Runners+Models.swift
[77/83] Compiling RunnerControlCore CommandExecutor.swift
[78/83] Compiling RunnerControlCore GitHubAPIClient.swift
[79/83] Compiling RunnerControlCore GitHubAppConfig.swift
[80/83] Compiling RunnerControlCore GitHubAuth+Flow.swift
[81/83] Compiling RunnerControlCore GitHubAuth+Models.swift
[82/91] Compiling RunnerControlCoreTests RunnerControlCoreTests.swift
[83/91] Compiling RunnerControlCoreTests GitHubAuthFlowTests.swift
[84/91] Compiling RunnerControlCoreTests RunnerRegistrationTests.swift
[85/91] Compiling RunnerControlCoreTests RunnerCatalogLifecycleTests.swift
[86/91] Emitting module RunnerControlCoreTests
[87/91] Compiling RunnerControlCoreTests GitHubTransportTests.swift
[88/91] Compiling RunnerControlCoreTests RunnerDiscoveryTests.swift
[89/91] Compiling RunnerControlCoreTests GitHubAuthLifecycleTests.swift
[90/93] Emitting module RunnerControlCorePackageTests
[91/93] Compiling RunnerControlCorePackageTests runner.swift
[91/93] Write Objects.LinkFileList
[92/93] Linking RunnerControlCorePackageTests
Build complete! (96.15s)
Test Suite 'Selected tests' started at 2026-09-16 15:44:49.919.
Test Suite 'RunnerControlCorePackageTests.xctest' started at 2026-09-16 15:44:49.949.
Test Suite 'RunnerControlCorePackageTests.xctest' passed at 2026-09-16 15:44:49.949.
	 Executed 0 tests, with 0 failures (0 unexpected) in 0.000 (0.000) seconds
Test Suite 'Selected tests' passed at 2026-09-16 15:44:49.950.
	 Executed 0 tests, with 0 failures (0 unexpected) in 0.000 (0.030) seconds
􀟈  Test run started.
􀄵  Testing Library Version: 1902
􀄵  Target Platform: arm64e-apple-macos14.0
􀟈  Test reviewR5RemoveReimportMustNotReviveOldEditorOwner() started.
􀢄  Test reviewR5RemoveReimportMustNotReviveOldEditorOwner() recorded an issue at RunnerCatalogLifecycleTests.swift:2244:5: Expectation failed: (state.groupAccess[label]?.loading → false) == true
􀄵  Old operation must not clear the newer pending Load
􀢄  Test reviewR5RemoveReimportMustNotReviveOldEditorOwner() recorded an issue at RunnerCatalogLifecycleTests.swift:2245:5: Expectation failed: (state.groupAccess[label]?.error → "Runner catalog changed during group access. Reload group access to retry.") == nil
􀄵  Old operation must not publish its catalog-change error into new editor
􀢄  Test reviewR5RemoveReimportMustNotReviveOldEditorOwner() failed after 0.164 seconds with 2 issues.
􀢄  Test run with 1 test in 0 suites failed after 0.165 seconds with 2 issues.

EXIT 1
