Fetching https://github.com/relux-works/swift-relux.git from cache
Fetched https://github.com/relux-works/swift-relux.git from cache (0.03s)
Creating working copy for https://github.com/relux-works/swift-relux.git
Working copy of https://github.com/relux-works/swift-relux.git resolved at 9.2.0
Building for debugging...
[0/8] Write sources
[2/8] /private/tmp/rc-review-13diw4-r2/Packages/RunnerControlCore/.build/arm64-apple-macosx/debug/RunnerControlCorePackageTests.derived/runner.swift
[3/8] Write sources
[5/8] Write swift-version--58304C5D6DBC2206.txt
[7/38] Compiling Relux Relux+Flow.swift
[8/38] Compiling Relux Relux+RootSaga.swift
[9/38] Compiling Relux Relux+Saga.swift
[10/38] Compiling Relux Relux+State.swift
[11/38] Compiling Relux Relux+Logger+EnumReflectible.swift
[12/38] Compiling Relux Relux+Logger.swift
[13/38] Compiling Relux Relux+Module.swift
[14/38] Compiling Relux Relux+Navigation.swift
[15/38] Compiling Relux Relux+Action.swift
[16/38] Compiling Relux Relux+ActionResult+Reduced.swift
[17/38] Compiling Relux Relux+ActionResult.swift
[18/38] Compiling Relux Relux+ActionResultBuilder.swift
[19/42] Compiling Relux Relux+Testing+MockModule+Saga.swift
[20/42] Compiling Relux Relux+Testing+MockModule+State.swift
[21/42] Compiling Relux Relux+Testing+MockModule.swift
[22/42] Compiling Relux Relux+Testing.swift
[23/42] Emitting module Relux
[24/42] Compiling Relux TypeKeyable.swift
[25/42] Compiling Relux timestamp.swift
[26/42] Compiling Relux Relux+ExecutionType.swift
[27/42] Compiling Relux Seconds.swift
[28/42] Compiling Relux Relux+Subscriber.swift
[29/42] Compiling Relux Sequence+AsSet.swift
[30/42] Compiling Relux AsyncLock.swift
[31/42] Compiling Relux AsyncUtils.swift
[32/42] Compiling Relux Optional+isNil.swift
[33/42] Compiling Relux Relux+Store.swift
[34/42] Compiling Relux Relux.swift
[35/42] Compiling Relux LockedState.swift
[36/42] Compiling Relux Relux+Testing+Logger.swift
[37/42] Compiling Relux Relux.Effect.swift
[38/42] Compiling Relux Relux+Dispatcher+Global.swift
[39/42] Compiling Relux Relux+Dispatcher+Interface.swift
[40/42] Compiling Relux Relux+Dispatcher.swift
[41/74] Compiling RunnerControlCore RunnerRegistration+State+Reducer.swift
[42/74] Compiling RunnerControlCore RunnerRegistration+State.swift
[43/74] Compiling RunnerControlCore RunnerRegistration.swift
[44/74] Compiling RunnerControlCore RunnerRegistrationTokenStore.swift
[45/78] Compiling RunnerControlCore GitHubAuth+Module.swift
[46/78] Compiling RunnerControlCore GitHubAuth+State+Reducer.swift
[47/78] Compiling RunnerControlCore GitHubAuth+State.swift
[48/78] Compiling RunnerControlCore GitHubAuth.swift
[49/78] Compiling RunnerControlCore GitHubDeviceFlow.swift
[50/78] Emitting module RunnerControlCore
[51/78] Compiling RunnerControlCore RunnerRuntime.swift
[52/78] Compiling RunnerControlCore Runners+Flow.swift
[53/78] Compiling RunnerControlCore Runners+Models.swift
[54/78] Compiling RunnerControlCore Runners+Module.swift
[55/78] Compiling RunnerControlCore Runners+Service.swift
[56/78] Compiling RunnerControlCore Runners+State+Reducer.swift
[57/78] Compiling RunnerControlCore Runners+State.swift
[58/78] Compiling RunnerControlCore Runners.swift
[59/78] Compiling RunnerControlCore RunnerRegistration+Flow.swift
[60/78] Compiling RunnerControlCore RunnerRegistration+Gates.swift
[61/78] Compiling RunnerControlCore RunnerRegistration+Models.swift
[62/78] Compiling RunnerControlCore RunnerRegistration+Module.swift
[63/78] Compiling RunnerControlCore GitHubKeychainStore.swift
[64/78] Compiling RunnerControlCore GitHubRedaction.swift
[65/78] Compiling RunnerControlCore GitHubRunnerAPIClient.swift
[66/78] Compiling RunnerControlCore GitHubSessionIdentityStore.swift
[67/78] Compiling RunnerControlCore GitHubTokenRefresh.swift
[68/78] Compiling RunnerControlCore GitHubTransport.swift
[69/78] Compiling RunnerControlCore RunnerControlCore.swift
[70/78] Compiling RunnerControlCore RunnerDiscovery.swift
[71/78] Compiling RunnerControlCore RunnerInstallerService.swift
[72/78] Compiling RunnerControlCore CommandExecutor.swift
[73/78] Compiling RunnerControlCore GitHubAPIClient.swift
[74/78] Compiling RunnerControlCore GitHubAppConfig.swift
[75/78] Compiling RunnerControlCore GitHubAuth+Flow.swift
[76/78] Compiling RunnerControlCore GitHubAuth+Models.swift
[77/85] Compiling RunnerControlCoreTests RunnerDiscoveryTests.swift
[78/85] Compiling RunnerControlCoreTests GitHubAuthLifecycleTests.swift
[79/85] Compiling RunnerControlCoreTests RunnerControlCoreTests.swift
[80/85] Compiling RunnerControlCoreTests GitHubAuthFlowTests.swift
[81/85] Compiling RunnerControlCoreTests RunnerRegistrationTests.swift
[82/85] Emitting module RunnerControlCoreTests
[83/85] Compiling RunnerControlCoreTests GitHubTransportTests.swift
[84/87] Emitting module RunnerControlCorePackageTests
[85/87] Compiling RunnerControlCorePackageTests runner.swift
[85/87] Write Objects.LinkFileList
[86/87] Linking RunnerControlCorePackageTests
Build complete! (32.71s)
Test Suite 'Selected tests' started at 2026-09-16 08:56:50.844.
Test Suite 'RunnerControlCorePackageTests.xctest' started at 2026-09-16 08:56:50.862.
Test Suite 'RunnerControlCorePackageTests.xctest' passed at 2026-09-16 08:56:50.862.
	 Executed 0 tests, with 0 failures (0 unexpected) in 0.000 (0.000) seconds
Test Suite 'Selected tests' passed at 2026-09-16 08:56:50.862.
	 Executed 0 tests, with 0 failures (0 unexpected) in 0.000 (0.018) seconds
􀟈  Test run started.
􀄵  Testing Library Version: 1902
􀄵  Target Platform: arm64e-apple-macos14.0
􀟈  Test reviewR2ChangedScopeMustNotReuseRegistrationOrRemoteID() started.
􀟈  Test reviewR2ServiceCannotClaimDoneBeforeRegistration() started.
􀟈  Test reviewR2ListURLsUseQueryNotEncodedPath() started.
􀟈  Test reviewR2RepositoryConfirmationMustFollowPagination() started.
􀟈  Test reviewR2MismatchedLocalAgentMustNotBecomeRemoteIdentity() started.
􀟈  Test reviewR2NameOnlyMustNotAuthorizeLabelMutation() started.
􀢄  Test reviewR2NameOnlyMustNotAuthorizeLabelMutation() recorded an issue at RunnerRegistrationTests.swift:1312:5: Expectation failed: await transport.requests.filter { $0.method == "PUT" }.isEmpty
􀢄  Test reviewR2NameOnlyMustNotAuthorizeLabelMutation() recorded an issue at RunnerRegistrationTests.swift:1313:5: Expectation failed: !(registrationActions(h.logger).contains { if case .labelsApplied = $0 { true } else { false } } → <not evaluated>)
􀢄  Test reviewR2NameOnlyMustNotAuthorizeLabelMutation() failed after 0.004 seconds with 2 issues.
􀢄  Test reviewR2ListURLsUseQueryNotEncodedPath() recorded an issue at RunnerRegistrationTests.swift:1297:9: Expectation failed: !((request.url.absoluteString → "https://api.github.com/orgs/acme/actions/runner-groups%3Fper_page=100").contains("%3F") → true)
􀢄  Test reviewR2ListURLsUseQueryNotEncodedPath() recorded an issue at RunnerRegistrationTests.swift:1298:9: Expectation failed: (URLComponents(url: request.url, resolvingAgainstBaseURL: false)?.queryItems?.contains(URLQueryItem(name: "per_page", value: "100")) → nil) == true
􀢄  Test reviewR2RepositoryConfirmationMustFollowPagination() recorded an issue at RunnerRegistrationTests.swift:1386:5: Expectation failed: (confirmed.last.map(Set.init) → [9]) == (Set<Int64>([9,10]) → [10, 9])
􀢄  Test reviewR2RepositoryConfirmationMustFollowPagination() recorded an issue at RunnerRegistrationTests.swift:1387:5: Expectation failed: await transport.requests.contains { $0.url.query?.contains("page=2") == true }
􀢄  Test reviewR2ListURLsUseQueryNotEncodedPath() recorded an issue at RunnerRegistrationTests.swift:1297:9: Expectation failed: !((request.url.absoluteString → "https://api.github.com/orgs/acme/actions/runners%3Fper_page=100").contains("%3F") → true)
􀢄  Test reviewR2ListURLsUseQueryNotEncodedPath() recorded an issue at RunnerRegistrationTests.swift:1298:9: Expectation failed: (URLComponents(url: request.url, resolvingAgainstBaseURL: false)?.queryItems?.contains(URLQueryItem(name: "per_page", value: "100")) → nil) == true
􀢄  Test reviewR2RepositoryConfirmationMustFollowPagination() failed after 0.005 seconds with 2 issues.
􀢄  Test reviewR2ListURLsUseQueryNotEncodedPath() failed after 0.006 seconds with 4 issues.
􀄵  // Reviewer attacks; appended only to git-archived rev2 in /tmp.
􀢄  Test reviewR2ServiceCannotClaimDoneBeforeRegistration() recorded an issue at RunnerRegistrationTests.swift:1366:5: Expectation failed: !(registrationActions(h.logger).contains { if case .serviceReady = $0 { true } else { false } } → <not evaluated>)
􀢄  Test reviewR2ServiceCannotClaimDoneBeforeRegistration() recorded an issue at RunnerRegistrationTests.swift:1367:5: Expectation failed: !((FileManager.default → <NSFileManager: 0x105525bf0>).fileExists(atPath: h.installRoot.appendingPathComponent("macbook-test/manual-service.plist").path → "/var/folders/v5/c7x5kxfd2dvc6gmb1772xdp00000gn/T/RegHome-5EC8FD8B-B5A9-4F11-88E7-B0F54C14030B/Library/GitHubActions/macbook-test/manual-service.plist") → true)
􀢄  Test reviewR2MismatchedLocalAgentMustNotBecomeRemoteIdentity() recorded an issue at RunnerRegistrationTests.swift:1354:5: Expectation failed: await transport.requests.filter { $0.method == "PUT" && $0.url.path.contains("/77/labels") }.isEmpty
􀢄  Test reviewR2ServiceCannotClaimDoneBeforeRegistration() failed after 0.206 seconds with 2 issues.
􀢄  Test reviewR2MismatchedLocalAgentMustNotBecomeRemoteIdentity() failed after 0.206 seconds with 1 issue.
􀢄  Test reviewR2ChangedScopeMustNotReuseRegistrationOrRemoteID() recorded an issue at RunnerRegistrationTests.swift:1335:5: Expectation failed: (foreignWrites → [RunnerControlCore.GitHubHTTPRequest(method: "PUT", url: https://api.github.com/repos/octo/app/actions/runners/4242/labels, headers: ["Authorization": "Bearer user-token-42", "Accept": "application/vnd.github+json", "Content-Type": "application/json"], body: Optional(18 bytes))]).isEmpty → false
􀢄  Test reviewR2ChangedScopeMustNotReuseRegistrationOrRemoteID() failed after 0.229 seconds with 1 issue.
􀢄  Test run with 6 tests in 0 suites failed after 0.230 seconds with 12 issues.
[exit 1]
