[0/1] Planning build
Building for debugging...
[0/2] Write swift-version--58304C5D6DBC2206.txt
Build complete! (0.62s)
Test Suite 'Selected tests' started at 2026-09-16 10:40:26.594.
Test Suite 'RunnerControlCorePackageTests.xctest' started at 2026-09-16 10:40:26.614.
Test Suite 'RunnerControlCorePackageTests.xctest' passed at 2026-09-16 10:40:26.614.
	 Executed 0 tests, with 0 failures (0 unexpected) in 0.000 (0.000) seconds
Test Suite 'Selected tests' passed at 2026-09-16 10:40:26.614.
	 Executed 0 tests, with 0 failures (0 unexpected) in 0.000 (0.020) seconds
􀟈  Test run started.
􀄵  Testing Library Version: 1902
􀄵  Target Platform: arm64e-apple-macos14.0
􀟈  Test inFlightLabelsCannotWriteForEditedDraft() started.
􀟈  Test reviewerChangedWorkFolderCannotReuseConfiguredSuccess() started.
􀟈  Test inFlightGroupCannotResolveForEditedDraft() started.
􀟈  Test reviewerInFlightInstallCannotRepopulateChangedDraft() started.
􀟈  Test orgWizardEndToEndDeletesTokenAndLeaksNothing() started.
􀟈  Test serverChangeBetweenStepsInvalidatesGroupAndRunner() started.
􀟈  Test remoteDuplicateWithoutReplaceIsRefusedBeforeToken() started.
􀟈  Test resolvePatchesDeniedPublicReposOnOwnedGroup() started.
􀟈  Test inFlightAccessAbandonedWhenRepositoriesEdited() started.
􀟈  Test downloadRefusesMissingChecksum() started.
􀟈  Test inFlightLabelsAbandonedWhenLabelsEdited() started.
􀟈  Test reviewerForeignServerIdentityCannotAuthorizeLabels() started.
􀟈  Test groupChangeRefusesOldConfiguredSuccess() started.
􀟈  Test inFlightRegistrationCannotAttributeOldConfigToNewDraft() started.
􁁛  Test resolvePatchesDeniedPublicReposOnOwnedGroup() passed after 0.015 seconds.
􁁛  Test serverChangeBetweenStepsInvalidatesGroupAndRunner() passed after 0.015 seconds.
􁁛  Test inFlightGroupCannotResolveForEditedDraft() passed after 0.034 seconds.
􁁛  Test inFlightAccessAbandonedWhenRepositoriesEdited() passed after 0.039 seconds.
􁁛  Test downloadRefusesMissingChecksum() passed after 0.168 seconds.
􁁛  Test reviewerForeignServerIdentityCannotAuthorizeLabels() passed after 0.201 seconds.
􁁛  Test remoteDuplicateWithoutReplaceIsRefusedBeforeToken() passed after 0.223 seconds.
􁁛  Test reviewerChangedWorkFolderCannotReuseConfiguredSuccess() passed after 0.229 seconds.
􁁛  Test reviewerInFlightInstallCannotRepopulateChangedDraft() passed after 0.231 seconds.
􁁛  Test inFlightLabelsAbandonedWhenLabelsEdited() passed after 0.237 seconds.
􁁛  Test inFlightLabelsCannotWriteForEditedDraft() passed after 0.288 seconds.
􁁛  Test groupChangeRefusesOldConfiguredSuccess() passed after 0.290 seconds.
􁁛  Test orgWizardEndToEndDeletesTokenAndLeaksNothing() passed after 0.291 seconds.
􁁛  Test inFlightRegistrationCannotAttributeOldConfigToNewDraft() passed after 0.292 seconds.
􁁛  Test run with 14 tests in 0 suites passed after 0.293 seconds.
