['swift', 'test', '--package-path', '/tmp/TASK-260916-13diw4-review6/Packages/RunnerControlCore', '--filter', 'reviewerCaseAliasMissingLeafCannotBypassDirectoryLease']
[0/1] Planning build
Building for debugging...
[0/3] Write sources
[1/3] Write swift-version--58304C5D6DBC2206.txt
[3/5] Emitting module RunnerControlCoreTests
[4/5] Compiling RunnerControlCoreTests RunnerRegistrationTests.swift
[4/6] Write Objects.LinkFileList
[5/6] Linking RunnerControlCorePackageTests
Build complete! (8.58s)
Test Suite 'Selected tests' started at 2026-09-16 11:28:20.190.
Test Suite 'RunnerControlCorePackageTests.xctest' started at 2026-09-16 11:28:20.198.
Test Suite 'RunnerControlCorePackageTests.xctest' passed at 2026-09-16 11:28:20.198.
	 Executed 0 tests, with 0 failures (0 unexpected) in 0.000 (0.000) seconds
Test Suite 'Selected tests' passed at 2026-09-16 11:28:20.198.
	 Executed 0 tests, with 0 failures (0 unexpected) in 0.000 (0.008) seconds
􀟈  Test run started.
􀄵  Testing Library Version: 1902
􀄵  Target Platform: arm64e-apple-macos14.0
􀟈  Test reviewerCaseAliasMissingLeafCannotBypassDirectoryLease() started.
case-alias evidence: calls=2, lowerInode=Optional(460498252), upperInode=Optional(460498252)
􀢄  Test reviewerCaseAliasMissingLeafCannotBypassDirectoryLease() recorded an issue at RunnerRegistrationTests.swift:3003:5: Expectation failed: await downloads.calls == 1
􀄵  Second download must not start while the first owns this directory
􀢄  Test reviewerCaseAliasMissingLeafCannotBypassDirectoryLease() recorded an issue at RunnerRegistrationTests.swift:3004:5: Expectation failed: (lastFailure(harness.logger)?.step → nil) == "downloadAndInstall"
􀢄  Test reviewerCaseAliasMissingLeafCannotBypassDirectoryLease() recorded an issue at RunnerRegistrationTests.swift:3005:5: Expectation failed: (lastFailure(harness.logger)?.message.contains("busy") → nil) ?? false
􀢄  Test reviewerCaseAliasMissingLeafCannotBypassDirectoryLease() recorded an issue at RunnerRegistrationTests.swift:3009:5: Expectation failed: await downloads.calls == 1
􀄵  Retry after settle reuses the install instead of downloading again
􀢄  Test reviewerCaseAliasMissingLeafCannotBypassDirectoryLease() failed after 0.246 seconds with 4 issues.
􀢄  Test run with 1 test in 0 suites failed after 0.246 seconds with 4 issues.
EXIT 1
