Fetching https://github.com/relux-works/swift-relux.git from cache
Fetched https://github.com/relux-works/swift-relux.git from cache (0.05s)
Creating working copy for https://github.com/relux-works/swift-relux.git
Working copy of https://github.com/relux-works/swift-relux.git resolved at 9.2.0
Building for debugging...
[0/8] Write sources
[0/8] /private/tmp/TASK-260916-13diw4-review8/Packages/RunnerControlCore/.build/arm64-apple-macosx/debug/RunnerControlCorePackageTests.derived/runner.swift
[3/8] Write sources
[5/8] Write swift-version--58304C5D6DBC2206.txt
[7/38] Emitting module Relux
[8/38] Compiling Relux Relux.Effect.swift
[9/38] Compiling Relux Relux+Dispatcher+Global.swift
[10/38] Compiling Relux Relux+Dispatcher+Interface.swift
[11/38] Compiling Relux Relux+Dispatcher.swift
[12/42] Compiling Relux Relux+Flow.swift
[13/42] Compiling Relux Relux+RootSaga.swift
[14/42] Compiling Relux Relux+Saga.swift
[15/42] Compiling Relux Relux+State.swift
[16/42] Compiling Relux Relux+Action.swift
[17/42] Compiling Relux Relux+ActionResult+Reduced.swift
[18/42] Compiling Relux Relux+ActionResult.swift
[19/42] Compiling Relux Relux+ActionResultBuilder.swift
[20/42] Compiling Relux Relux+Testing+MockModule+Saga.swift
[21/42] Compiling Relux Relux+Testing+MockModule+State.swift
[22/42] Compiling Relux Relux+Testing+MockModule.swift
[23/42] Compiling Relux Relux+Testing.swift
[24/42] Compiling Relux TypeKeyable.swift
[25/42] Compiling Relux timestamp.swift
[26/42] Compiling Relux Relux+ExecutionType.swift
[27/42] Compiling Relux Seconds.swift
[28/42] Compiling Relux Relux+Logger+EnumReflectible.swift
[29/42] Compiling Relux Relux+Logger.swift
[30/42] Compiling Relux Relux+Module.swift
[31/42] Compiling Relux Relux+Navigation.swift
[32/42] Compiling Relux Relux+Subscriber.swift
[33/42] Compiling Relux Sequence+AsSet.swift
[34/42] Compiling Relux AsyncLock.swift
[35/42] Compiling Relux AsyncUtils.swift
[36/42] Compiling Relux Optional+isNil.swift
[37/42] Compiling Relux Relux+Store.swift
[38/42] Compiling Relux Relux.swift
[39/42] Compiling Relux LockedState.swift
[40/42] Compiling Relux Relux+Testing+Logger.swift
[41/74] Compiling RunnerControlCore RunnerRuntime.swift
[42/74] Compiling RunnerControlCore Runners+Flow.swift
[43/74] Compiling RunnerControlCore Runners+Models.swift
[44/74] Compiling RunnerControlCore Runners+Module.swift
[45/74] Compiling RunnerControlCore RunnerRegistration+State+Reducer.swift
[46/74] Compiling RunnerControlCore RunnerRegistration+State.swift
[47/74] Compiling RunnerControlCore RunnerRegistration.swift
[48/74] Compiling RunnerControlCore RunnerRegistrationTokenStore.swift
[49/78] Compiling RunnerControlCore GitHubTransport.swift
[50/78] Compiling RunnerControlCore RunnerControlCore.swift
[51/78] Compiling RunnerControlCore RunnerDiscovery.swift
[52/78] Compiling RunnerControlCore RunnerInstallerService.swift
[53/78] Compiling RunnerControlCore GitHubAuth+Module.swift
[54/78] Compiling RunnerControlCore GitHubAuth+State+Reducer.swift
[55/78] Compiling RunnerControlCore GitHubAuth+State.swift
[56/78] Compiling RunnerControlCore GitHubAuth.swift
[57/78] Compiling RunnerControlCore GitHubDeviceFlow.swift
[58/78] Compiling RunnerControlCore Runners+Service.swift
[59/78] Compiling RunnerControlCore Runners+State+Reducer.swift
[60/78] Compiling RunnerControlCore Runners+State.swift
[61/78] Compiling RunnerControlCore Runners.swift
[62/78] Compiling RunnerControlCore GitHubKeychainStore.swift
[63/78] Compiling RunnerControlCore GitHubRedaction.swift
[64/78] Compiling RunnerControlCore GitHubRunnerAPIClient.swift
[65/78] Compiling RunnerControlCore GitHubSessionIdentityStore.swift
[66/78] Compiling RunnerControlCore GitHubTokenRefresh.swift
[67/78] Emitting module RunnerControlCore
[68/78] Compiling RunnerControlCore RunnerRegistration+Flow.swift
[69/78] Compiling RunnerControlCore RunnerRegistration+Gates.swift
[70/78] Compiling RunnerControlCore RunnerRegistration+Models.swift
[71/78] Compiling RunnerControlCore RunnerRegistration+Module.swift
[72/78] Compiling RunnerControlCore CommandExecutor.swift
[73/78] Compiling RunnerControlCore GitHubAPIClient.swift
[74/78] Compiling RunnerControlCore GitHubAppConfig.swift
[75/78] Compiling RunnerControlCore GitHubAuth+Flow.swift
[76/78] Compiling RunnerControlCore GitHubAuth+Models.swift
[77/85] Compiling RunnerControlCoreTests RunnerControlCoreTests.swift
[78/85] Emitting module RunnerControlCoreTests
[79/85] Compiling RunnerControlCoreTests GitHubTransportTests.swift
[80/85] Compiling RunnerControlCoreTests RunnerDiscoveryTests.swift
[81/85] Compiling RunnerControlCoreTests GitHubAuthFlowTests.swift
[82/85] Compiling RunnerControlCoreTests RunnerRegistrationTests.swift
[83/85] Compiling RunnerControlCoreTests GitHubAuthLifecycleTests.swift
[84/87] Compiling RunnerControlCorePackageTests runner.swift
[85/87] Emitting module RunnerControlCorePackageTests
[85/87] Write Objects.LinkFileList
[86/87] Linking RunnerControlCorePackageTests
Build complete! (64.51s)
Test Suite 'Selected tests' started at 2026-09-16 12:18:43.620.
Test Suite 'RunnerControlCorePackageTests.xctest' started at 2026-09-16 12:18:43.648.
Test Suite 'RunnerControlCorePackageTests.xctest' passed at 2026-09-16 12:18:43.648.
	 Executed 0 tests, with 0 failures (0 unexpected) in 0.000 (0.000) seconds
Test Suite 'Selected tests' passed at 2026-09-16 12:18:43.649.
	 Executed 0 tests, with 0 failures (0 unexpected) in 0.000 (0.029) seconds
􀟈  Test run started.
􀄵  Testing Library Version: 1902
􀄵  Target Platform: arm64e-apple-macos14.0
􀟈  Test reviewerGlobalLeaseBlocksServiceAndRecovery() started.
􁁛  Test reviewerGlobalLeaseBlocksServiceAndRecovery() passed after 0.230 seconds.
􁁛  Test run with 1 test in 0 suites passed after 0.231 seconds.

EXIT:0
