Fetching https://github.com/relux-works/swift-relux.git from cache
Fetched https://github.com/relux-works/swift-relux.git from cache (0.18s)
Creating working copy for https://github.com/relux-works/swift-relux.git
Working copy of https://github.com/relux-works/swift-relux.git resolved at 9.2.0
Building for debugging...
[0/8] Write sources
[3/8] /private/tmp/TASK-260916-13diw4-review5/Packages/RunnerControlCore/.build/arm64-apple-macosx/debug/RunnerControlCorePackageTests.derived/runner.swift
[4/8] Write sources
[5/8] Write swift-version--58304C5D6DBC2206.txt
[7/38] Compiling Relux Relux+Logger+EnumReflectible.swift
[8/38] Compiling Relux Relux+Logger.swift
[9/38] Compiling Relux Relux+Module.swift
[10/38] Compiling Relux Relux+Navigation.swift
[11/38] Compiling Relux Relux+Flow.swift
[12/38] Compiling Relux Relux+RootSaga.swift
[13/38] Compiling Relux Relux+Saga.swift
[14/38] Compiling Relux Relux+State.swift
[15/38] Compiling Relux Relux+Action.swift
[16/38] Compiling Relux Relux+ActionResult+Reduced.swift
[17/38] Compiling Relux Relux+ActionResult.swift
[18/38] Compiling Relux Relux+ActionResultBuilder.swift
[19/38] Compiling Relux TypeKeyable.swift
[20/38] Compiling Relux timestamp.swift
[21/38] Compiling Relux Relux+ExecutionType.swift
[22/38] Compiling Relux Seconds.swift
[23/38] Compiling Relux Relux+Subscriber.swift
[24/38] Compiling Relux Sequence+AsSet.swift
[25/38] Compiling Relux AsyncLock.swift
[26/38] Compiling Relux AsyncUtils.swift
[27/38] Compiling Relux Optional+isNil.swift
[28/38] Compiling Relux Relux.Effect.swift
[29/38] Compiling Relux Relux+Dispatcher+Global.swift
[30/38] Compiling Relux Relux+Dispatcher+Interface.swift
[31/38] Compiling Relux Relux+Dispatcher.swift
[32/42] Compiling Relux Relux+Store.swift
[33/42] Compiling Relux Relux.swift
[34/42] Compiling Relux LockedState.swift
[35/42] Compiling Relux Relux+Testing+Logger.swift
[36/42] Emitting module Relux
[37/42] Compiling Relux Relux+Testing+MockModule+Saga.swift
[38/42] Compiling Relux Relux+Testing+MockModule+State.swift
[39/42] Compiling Relux Relux+Testing+MockModule.swift
[40/42] Compiling Relux Relux+Testing.swift
[41/74] Emitting module RunnerControlCore
[42/78] Compiling RunnerControlCore GitHubAuth+Module.swift
[43/78] Compiling RunnerControlCore GitHubAuth+State+Reducer.swift
[44/78] Compiling RunnerControlCore GitHubAuth+State.swift
[45/78] Compiling RunnerControlCore GitHubAuth.swift
[46/78] Compiling RunnerControlCore GitHubDeviceFlow.swift
[47/78] Compiling RunnerControlCore RunnerRegistration+State+Reducer.swift
[48/78] Compiling RunnerControlCore RunnerRegistration+State.swift
[49/78] Compiling RunnerControlCore RunnerRegistration.swift
[50/78] Compiling RunnerControlCore RunnerRegistrationTokenStore.swift
[51/78] Compiling RunnerControlCore Runners+Service.swift
[52/78] Compiling RunnerControlCore Runners+State+Reducer.swift
[53/78] Compiling RunnerControlCore Runners+State.swift
[54/78] Compiling RunnerControlCore Runners.swift
[55/78] Compiling RunnerControlCore RunnerRuntime.swift
[56/78] Compiling RunnerControlCore Runners+Flow.swift
[57/78] Compiling RunnerControlCore Runners+Models.swift
[58/78] Compiling RunnerControlCore Runners+Module.swift
[59/78] Compiling RunnerControlCore GitHubKeychainStore.swift
[60/78] Compiling RunnerControlCore GitHubRedaction.swift
[61/78] Compiling RunnerControlCore GitHubRunnerAPIClient.swift
[62/78] Compiling RunnerControlCore GitHubSessionIdentityStore.swift
[63/78] Compiling RunnerControlCore GitHubTokenRefresh.swift
[64/78] Compiling RunnerControlCore GitHubTransport.swift
[65/78] Compiling RunnerControlCore RunnerControlCore.swift
[66/78] Compiling RunnerControlCore RunnerDiscovery.swift
[67/78] Compiling RunnerControlCore RunnerInstallerService.swift
[68/78] Compiling RunnerControlCore RunnerRegistration+Flow.swift
[69/78] Compiling RunnerControlCore RunnerRegistration+Gates.swift
[70/78] Compiling RunnerControlCore RunnerRegistration+Models.swift
[71/78] Compiling RunnerControlCore RunnerRegistration+Module.swift
[72/78] Compiling RunnerControlCore CommandExecutor.swift
[73/78] Compiling RunnerControlCore GitHubAPIClient.swift
[74/78] Compiling RunnerControlCore GitHubAppConfig.swift
[75/78] Compiling RunnerControlCore GitHubAuth+Flow.swift
[76/78] Compiling RunnerControlCore GitHubAuth+Models.swift
[77/85] Compiling RunnerControlCoreTests GitHubTransportTests.swift
[78/85] Emitting module RunnerControlCoreTests
[79/85] Compiling RunnerControlCoreTests GitHubAuthFlowTests.swift
[80/85] Compiling RunnerControlCoreTests GitHubAuthLifecycleTests.swift
[81/85] Compiling RunnerControlCoreTests RunnerRegistrationTests.swift
[82/85] Compiling RunnerControlCoreTests RunnerControlCoreTests.swift
[83/85] Compiling RunnerControlCoreTests RunnerDiscoveryTests.swift
[84/87] Compiling RunnerControlCorePackageTests runner.swift
[85/87] Emitting module RunnerControlCorePackageTests
[85/87] Write Objects.LinkFileList
[86/87] Linking RunnerControlCorePackageTests
Build complete! (60.23s)
Test Suite 'Selected tests' started at 2026-09-16 10:40:07.716.
Test Suite 'RunnerControlCorePackageTests.xctest' started at 2026-09-16 10:40:07.730.
Test Suite 'RunnerControlCorePackageTests.xctest' passed at 2026-09-16 10:40:07.730.
	 Executed 0 tests, with 0 failures (0 unexpected) in 0.000 (0.000) seconds
Test Suite 'Selected tests' passed at 2026-09-16 10:40:07.730.
	 Executed 0 tests, with 0 failures (0 unexpected) in 0.000 (0.014) seconds
􀟈  Test run started.
􀄵  Testing Library Version: 1902
􀄵  Target Platform: arm64e-apple-macos14.0
􀟈  Test cancelDuringConfigKeepsLeaseAndRecoversAfterSettle() started.
􀟈  Test reviewerRetryCannotRunTwoConfigsInSameDirectory() started.
􀟈  Test nonconflictingInstallProceedsWhileOtherDirectoryRuns() started.
􀟈  Test reviewerSymlinkAliasCannotBypassDirectoryLease() started.
􀟈  Test reviewerStaleFailureCannotUnlockNewOperation() started.
􀟈  Test resetDuringDownloadKeepsDirectoryLeaseUntilSettled() started.
􀟈  Test beginDraftDuringDownloadKeepsDirectoryLease() started.
􀟈  Test staleRegisterFailureDoesNotUnlockOrPlantFailure() started.
􁁛  Test reviewerStaleFailureCannotUnlockNewOperation() passed after 0.226 seconds.
􁁛  Test beginDraftDuringDownloadKeepsDirectoryLease() passed after 0.228 seconds.
􁁛  Test resetDuringDownloadKeepsDirectoryLeaseUntilSettled() passed after 0.231 seconds.
􁁛  Test reviewerRetryCannotRunTwoConfigsInSameDirectory() passed after 0.243 seconds.
􁁛  Test cancelDuringConfigKeepsLeaseAndRecoversAfterSettle() passed after 0.248 seconds.
􀢄  Test reviewerSymlinkAliasCannotBypassDirectoryLease() recorded an issue at RunnerRegistrationTests.swift:2875:5: Expectation failed: (callsWhileOldRuns → 2) == 1
􀄵  An identity edit must not allow a second config.sh while the first still owns this directory
􀢄  Test reviewerSymlinkAliasCannotBypassDirectoryLease() recorded an issue at RunnerRegistrationTests.swift:2880:5: Expectation failed: (!state.completedSteps.contains("registerRunner") → false) || (local?.agentName == edited.runnerName → false)
􀄵  New registration is attested complete but old in-flight config overwrites .runner afterwards
􀢄  Test reviewerSymlinkAliasCannotBypassDirectoryLease() failed after 0.253 seconds with 2 issues.
􁁛  Test nonconflictingInstallProceedsWhileOtherDirectoryRuns() passed after 0.279 seconds.
􁁛  Test staleRegisterFailureDoesNotUnlockOrPlantFailure() passed after 0.285 seconds.
􀢄  Test run with 8 tests in 0 suites failed after 0.286 seconds with 2 issues.
